Tue May 19 09:59:31 AM +03 2026 :: HUDA ACTIVE
Tue May 19 10:00:31 AM +03 2026 :: HUDA ACTIVE
Tue May 19 10:01:31 AM +03 2026 :: HUDA ACTIVE
Tue May 19 10:02:31 AM +03 2026 :: HUDA ACTIVE
Tue May 19 10:03:31 AM +03 2026 :: HUDA ACTIVE
Tue May 19 10:04:31 AM +03 2026 :: HUDA ACTIVE
Tue May 19 10:05:31 AM +03 2026 :: HUDA ACTIVE
Tue May 19 10:06:31 AM +03 2026 :: HUDA ACTIVE
Tue May 19 10:07:31 AM +03 2026 :: HUDA ACTIVE
Tue May 19 10:08:31 AM +03 2026 :: HUDA ACTIVE
Tue May 19 10:09:31 AM +03 2026 :: HUDA ACTIVE
Tue May 19 10:10:31 AM +03 2026 :: HUDA ACTIVE
Tue May 19 10:11:31 AM +03 2026 :: HUDA ACTIVE
Tue May 19 10:12:31 AM +03 2026 :: HUDA ACTIVE
Tue May 19 10:13:31 AM +03 2026 :: HUDA ACTIVE
Tue May 19 10:14:31 AM +03 2026 :: HUDA ACTIVE
Tue May 19 10:15:31 AM +03 2026 :: HUDA ACTIVE
Tue May 19 10:16:31 AM +03 2026 :: HUDA ACTIVE
Tue May 19 10:17:31 AM +03 2026 :: HUDA ACTIVE
Tue May 19 10:18:31 AM +03 2026 :: HUDA ACTIVE
Tue May 19 10:19:31 AM +03 2026 :: HUDA ACTIVE
Tue May 19 10:20:31 AM +03 2026 :: HUDA ACTIVE
Tue May 19 10:20:46 AM +03 2026 :: HUDA ACTIVE
Tue May 19 10:21:31 AM +03 2026 :: HUDA ACTIVE
Tue May 19 10:21:46 AM +03 2026 :: HUDA ACTIVE
Tue May 19 10:22:31 AM +03 2026 :: HUDA ACTIVE
Tue May 19 10:22:46 AM +03 2026 :: HUDA ACTIVE
Tue May 19 10:23:31 AM +03 2026 :: HUDA ACTIVE
Tue May 19 10:23:46 AM +03 2026 :: HUDA ACTIVE
Tue May 19 10:24:31 AM +03 2026 :: HUDA ACTIVE
=========================
Tue May 19 10:24:31 AM +03 2026
               total        used        free      shared  buff/cache   available
Mem:            30Gi       8.9Gi        18Gi        35Mi       3.5Gi        21Gi
Swap:          8.0Gi       552Ki       8.0Gi
Filesystem      Size  Used Avail Use% Mounted on
tmpfs           3.1G  3.8M  3.1G   1% /run
/dev/nvme0n1p5   92G   87G  489M 100% /
tmpfs            16G  1.1M   16G   1% /dev/shm
tmpfs           5.0M   20K  5.0M   1% /run/lock
efivarfs        148K  147K     0 100% /sys/firmware/efi/efivars
/dev/nvme0n1p1   96M   33M   64M  34% /boot/efi
tmpfs           3.1G  156K  3.1G   1% /run/user/1000
/dev/sr0        7.0M  7.0M     0 100% /media/nasser/HonorSuite      
Tue May 19 10:24:46 AM +03 2026 :: HUDA ACTIVE
Tue May 19 10:25:31 AM +03 2026 :: HUDA ACTIVE
=========================
Tue May 19 10:25:31 AM +03 2026
               total        used        free      shared  buff/cache   available
Mem:            30Gi       8.8Gi        18Gi        35Mi       3.5Gi        21Gi
Swap:          8.0Gi       552Ki       8.0Gi
Filesystem      Size  Used Avail Use% Mounted on
tmpfs           3.1G  3.8M  3.1G   1% /run
/dev/nvme0n1p5   92G   87G  488M 100% /
tmpfs            16G  1.1M   16G   1% /dev/shm
tmpfs           5.0M   20K  5.0M   1% /run/lock
efivarfs        148K  147K     0 100% /sys/firmware/efi/efivars
/dev/nvme0n1p1   96M   33M   64M  34% /boot/efi
tmpfs           3.1G  156K  3.1G   1% /run/user/1000
/dev/sr0        7.0M  7.0M     0 100% /media/nasser/HonorSuite      
Tue May 19 10:25:46 AM +03 2026 :: HUDA ACTIVE
Tue May 19 10:26:31 AM +03 2026 :: HUDA ACTIVE
=========================
Tue May 19 10:26:31 AM +03 2026
               total        used        free      shared  buff/cache   available
Mem:            30Gi       8.9Gi        18Gi        35Mi       3.5Gi        21Gi
Swap:          8.0Gi       552Ki       8.0Gi
Filesystem      Size  Used Avail Use% Mounted on
tmpfs           3.1G  3.8M  3.1G   1% /run
/dev/nvme0n1p5   92G   87G  488M 100% /
tmpfs            16G  1.1M   16G   1% /dev/shm
tmpfs           5.0M   20K  5.0M   1% /run/lock
efivarfs        148K  147K     0 100% /sys/firmware/efi/efivars
/dev/nvme0n1p1   96M   33M   64M  34% /boot/efi
tmpfs           3.1G  156K  3.1G   1% /run/user/1000
/dev/sr0        7.0M  7.0M     0 100% /media/nasser/HonorSuite      
Tue May 19 10:26:46 AM +03 2026 :: HUDA ACTIVE
Tue May 19 10:27:31 AM +03 2026 :: HUDA ACTIVE
=========================
Tue May 19 10:27:31 AM +03 2026
               total        used        free      shared  buff/cache   available
Mem:            30Gi       8.9Gi        18Gi        35Mi       3.5Gi        21Gi
Swap:          8.0Gi       552Ki       8.0Gi
Filesystem      Size  Used Avail Use% Mounted on
tmpfs           3.1G  3.8M  3.1G   1% /run
/dev/nvme0n1p5   92G   87G  474M 100% /
tmpfs            16G  1.1M   16G   1% /dev/shm
tmpfs           5.0M   20K  5.0M   1% /run/lock
efivarfs        148K  147K     0 100% /sys/firmware/efi/efivars
/dev/nvme0n1p1   96M   33M   64M  34% /boot/efi
tmpfs           3.1G  156K  3.1G   1% /run/user/1000
/dev/sr0        7.0M  7.0M     0 100% /media/nasser/HonorSuite      
Tue May 19 10:27:46 AM +03 2026 :: HUDA ACTIVE
Tue May 19 10:28:31 AM +03 2026 :: HUDA ACTIVE
=========================
Tue May 19 10:28:31 AM +03 2026
               total        used        free      shared  buff/cache   available
Mem:            30Gi       8.9Gi        18Gi        35Mi       3.2Gi        21Gi
Swap:          8.0Gi       552Ki       8.0Gi
Filesystem      Size  Used Avail Use% Mounted on
tmpfs           3.1G  3.8M  3.1G   1% /run
/dev/nvme0n1p5   92G   87G  750M 100% /
tmpfs            16G  1.1M   16G   1% /dev/shm
tmpfs           5.0M   20K  5.0M   1% /run/lock
efivarfs        148K  147K     0 100% /sys/firmware/efi/efivars
/dev/nvme0n1p1   96M   33M   64M  34% /boot/efi
tmpfs           3.1G  156K  3.1G   1% /run/user/1000
/dev/sr0        7.0M  7.0M     0 100% /media/nasser/HonorSuite      
Tue May 19 10:28:46 AM +03 2026 :: HUDA ACTIVE
Tue May 19 10:29:31 AM +03 2026 :: HUDA ACTIVE
=========================
Tue May 19 10:29:31 AM +03 2026
               total        used        free      shared  buff/cache   available
Mem:            30Gi       8.9Gi        18Gi        35Mi       3.2Gi        21Gi
Swap:          8.0Gi       552Ki       8.0Gi
Filesystem      Size  Used Avail Use% Mounted on
tmpfs           3.1G  3.8M  3.1G   1% /run
/dev/nvme0n1p5   92G   87G  749M 100% /
tmpfs            16G  1.1M   16G   1% /dev/shm
tmpfs           5.0M   20K  5.0M   1% /run/lock
efivarfs        148K  147K     0 100% /sys/firmware/efi/efivars
/dev/nvme0n1p1   96M   33M   64M  34% /boot/efi
tmpfs           3.1G  156K  3.1G   1% /run/user/1000
/dev/sr0        7.0M  7.0M     0 100% /media/nasser/HonorSuite      
Tue May 19 10:29:46 AM +03 2026 :: HUDA ACTIVE
Tue May 19 10:30:31 AM +03 2026 :: HUDA ACTIVE
=========================
Tue May 19 10:30:31 AM +03 2026
               total        used        free      shared  buff/cache   available
Mem:            30Gi       8.8Gi        18Gi        35Mi       3.2Gi        21Gi
Swap:          8.0Gi       552Ki       8.0Gi
Filesystem      Size  Used Avail Use% Mounted on
tmpfs           3.1G  3.8M  3.1G   1% /run
/dev/nvme0n1p5   92G   87G  749M 100% /
tmpfs            16G  1.1M   16G   1% /dev/shm
tmpfs           5.0M   20K  5.0M   1% /run/lock
efivarfs        148K  147K     0 100% /sys/firmware/efi/efivars
/dev/nvme0n1p1   96M   33M   64M  34% /boot/efi
tmpfs           3.1G  156K  3.1G   1% /run/user/1000
/dev/sr0        7.0M  7.0M     0 100% /media/nasser/HonorSuite      
Tue May 19 10:30:46 AM +03 2026 :: HUDA ACTIVE
Tue May 19 10:31:31 AM +03 2026 :: HUDA ACTIVE
=========================
Tue May 19 10:31:32 AM +03 2026
               total        used        free      shared  buff/cache   available
Mem:            30Gi       8.8Gi        18Gi        35Mi       3.2Gi        21Gi
Swap:          8.0Gi       552Ki       8.0Gi
Filesystem      Size  Used Avail Use% Mounted on
tmpfs           3.1G  3.8M  3.1G   1% /run
/dev/nvme0n1p5   92G   87G  749M 100% /
tmpfs            16G  1.1M   16G   1% /dev/shm
tmpfs           5.0M   20K  5.0M   1% /run/lock
efivarfs        148K  147K     0 100% /sys/firmware/efi/efivars
/dev/nvme0n1p1   96M   33M   64M  34% /boot/efi
tmpfs           3.1G  156K  3.1G   1% /run/user/1000
/dev/sr0        7.0M  7.0M     0 100% /media/nasser/HonorSuite      
Tue May 19 10:31:46 AM +03 2026 :: HUDA ACTIVE
Tue May 19 10:32:31 AM +03 2026 :: HUDA ACTIVE
=========================
Tue May 19 10:32:32 AM +03 2026
               total        used        free      shared  buff/cache   available
Mem:            30Gi       8.8Gi        18Gi        35Mi       3.2Gi        21Gi
Swap:          8.0Gi       552Ki       8.0Gi
Filesystem      Size  Used Avail Use% Mounted on
tmpfs           3.1G  3.8M  3.1G   1% /run
/dev/nvme0n1p5   92G   87G  764M 100% /
tmpfs            16G  1.1M   16G   1% /dev/shm
tmpfs           5.0M   20K  5.0M   1% /run/lock
efivarfs        148K  147K     0 100% /sys/firmware/efi/efivars
/dev/nvme0n1p1   96M   33M   64M  34% /boot/efi
tmpfs           3.1G  156K  3.1G   1% /run/user/1000
/dev/sr0        7.0M  7.0M     0 100% /media/nasser/HonorSuite      
Tue May 19 10:32:46 AM +03 2026 :: HUDA ACTIVE
Tue May 19 10:33:31 AM +03 2026 :: HUDA ACTIVE
=========================
Tue May 19 10:33:32 AM +03 2026
               total        used        free      shared  buff/cache   available
Mem:            30Gi       8.8Gi        18Gi        35Mi       3.2Gi        21Gi
Swap:          8.0Gi       552Ki       8.0Gi
Filesystem      Size  Used Avail Use% Mounted on
tmpfs           3.1G  3.8M  3.1G   1% /run
/dev/nvme0n1p5   92G   87G  763M 100% /
tmpfs            16G  1.1M   16G   1% /dev/shm
tmpfs           5.0M   20K  5.0M   1% /run/lock
efivarfs        148K  147K     0 100% /sys/firmware/efi/efivars
/dev/nvme0n1p1   96M   33M   64M  34% /boot/efi
tmpfs           3.1G  156K  3.1G   1% /run/user/1000
/dev/sr0        7.0M  7.0M     0 100% /media/nasser/HonorSuite      
Tue May 19 10:33:46 AM +03 2026 :: HUDA ACTIVE
Tue May 19 10:34:31 AM +03 2026 :: HUDA ACTIVE
=========================
Tue May 19 10:34:32 AM +03 2026
               total        used        free      shared  buff/cache   available
Mem:            30Gi       8.8Gi        18Gi        34Mi       3.2Gi        21Gi
Swap:          8.0Gi       552Ki       8.0Gi
Filesystem      Size  Used Avail Use% Mounted on
tmpfs           3.1G  3.8M  3.1G   1% /run
/dev/nvme0n1p5   92G   87G  764M 100% /
tmpfs            16G  1.1M   16G   1% /dev/shm
tmpfs           5.0M   20K  5.0M   1% /run/lock
efivarfs        148K  147K     0 100% /sys/firmware/efi/efivars
/dev/nvme0n1p1   96M   33M   64M  34% /boot/efi
tmpfs           3.1G  164K  3.1G   1% /run/user/1000
/dev/sr0        7.0M  7.0M     0 100% /media/nasser/HonorSuite      
Tue May 19 10:34:46 AM +03 2026 :: HUDA ACTIVE
Tue May 19 10:35:31 AM +03 2026 :: HUDA ACTIVE
=========================
Tue May 19 10:35:32 AM +03 2026
               total        used        free      shared  buff/cache   available
Mem:            30Gi       8.8Gi        18Gi        34Mi       3.2Gi        21Gi
Swap:          8.0Gi       552Ki       8.0Gi
Filesystem      Size  Used Avail Use% Mounted on
tmpfs           3.1G  3.8M  3.1G   1% /run
/dev/nvme0n1p5   92G   87G  763M 100% /
tmpfs            16G  1.1M   16G   1% /dev/shm
tmpfs           5.0M   20K  5.0M   1% /run/lock
efivarfs        148K  147K     0 100% /sys/firmware/efi/efivars
/dev/nvme0n1p1   96M   33M   64M  34% /boot/efi
tmpfs           3.1G  164K  3.1G   1% /run/user/1000
/dev/sr0        7.0M  7.0M     0 100% /media/nasser/HonorSuite      
Tue May 19 10:35:46 AM +03 2026 :: HUDA ACTIVE
Tue May 19 10:36:31 AM +03 2026 :: HUDA ACTIVE
=========================
Tue May 19 10:36:32 AM +03 2026
               total        used        free      shared  buff/cache   available
Mem:            30Gi       8.9Gi        18Gi        35Mi       3.2Gi        21Gi
Swap:          8.0Gi       552Ki       8.0Gi
Filesystem      Size  Used Avail Use% Mounted on
tmpfs           3.1G  3.8M  3.1G   1% /run
/dev/nvme0n1p5   92G   87G  763M 100% /
tmpfs            16G  1.1M   16G   1% /dev/shm
tmpfs           5.0M   20K  5.0M   1% /run/lock
efivarfs        148K  147K     0 100% /sys/firmware/efi/efivars
/dev/nvme0n1p1   96M   33M   64M  34% /boot/efi
tmpfs           3.1G  160K  3.1G   1% /run/user/1000
/dev/sr0        7.0M  7.0M     0 100% /media/nasser/HonorSuite      
Tue May 19 10:36:46 AM +03 2026 :: HUDA ACTIVE
Tue May 19 10:37:31 AM +03 2026 :: HUDA ACTIVE
=========================
Tue May 19 10:37:32 AM +03 2026
               total        used        free      shared  buff/cache   available
Mem:            30Gi       8.8Gi        18Gi        35Mi       3.2Gi        21Gi
Swap:          8.0Gi       552Ki       8.0Gi
Filesystem      Size  Used Avail Use% Mounted on
tmpfs           3.1G  3.8M  3.1G   1% /run
/dev/nvme0n1p5   92G   87G  763M 100% /
tmpfs            16G  1.1M   16G   1% /dev/shm
tmpfs           5.0M   20K  5.0M   1% /run/lock
efivarfs        148K  147K     0 100% /sys/firmware/efi/efivars
/dev/nvme0n1p1   96M   33M   64M  34% /boot/efi
tmpfs           3.1G  160K  3.1G   1% /run/user/1000
/dev/sr0        7.0M  7.0M     0 100% /media/nasser/HonorSuite      
Tue May 19 10:37:46 AM +03 2026 :: HUDA ACTIVE
